2025-12-31 03:16:04 UTC
Windows-11-10.0.26100-SP0
Ren'Py 8.5.0.25111603

Early init took 35 ms
Loading error handling took 12 ms
Loading script took 57 ms
Loading save slot metadata took 3 ms
Loading persistent took 0 ms
Running init code took 27 ms
Loading analysis data took 2 ms
Analyze and compile ATL took 1 ms
Reloading save slot metadata took 2 ms
Dump and make backups took 27 ms
Cleaning cache took 0 ms
Making clean stores took 0 ms
Initial gc took 28 ms
DPI scale factor: 1.250000
nvdrs: Loaded, about to disable thread optimizations.
nvdrs: b"Couldn't load nvlib." (can be ignored)
Creating interface object took 2 ms
Init translation took 0 ms
Cleaning stores took 0 ms
Load screen analysis took 11 ms
Analyze screens took 0 ms
Save screen analysis took 0 ms
Save pyanalysis took 0 ms
Save bytecode took 0 ms
Running _start took 1 ms
Interface start took 665 ms

Initializing gl2 renderer:
primary display bounds: (0, 0, 2560, 1600)
swap interval: 1 frames
Windowed mode.
Vendor: 'Intel'
Renderer: 'Intel(R) Iris(R) Xe Graphics'
Version: '4.6.0 - Build 30.0.100.9836'
Display Info: <Info({'bitsize': 32, 'bytesize': 4, 'masks': (16711680, 65280, 255, 0), 'shifts': (16, 8, 0, 0), 'losses': (0, 0, 0, 8), 'current_w': 2560, 'current_h': 1600, 'refresh_rate': 60, 'hw': False, 'wm': True, 'video_mem': 268435456, 'blit_hw': False, 'blit_hw_CC': False, 'blit_hw_A': False, 'blit_sw': False, 'blit_sw_CC': False, 'blit_sw_A': False})>
Screen sizes: virtual=(800, 600) physical=(1000, 750) drawable=(1000, 750)
Maximum texture size: 4096x4096

Full traceback:
  File "renpy/common/00start.rpy", line 306, in script
    python:
  File "renpy/ast.py", line 1187, in execute
    renpy.python.py_exec_bytecode(self.code.bytecode, self.hide, store=self.store)
    ~~~~~~~~~~~~~~~~~~~~~~~~~~~~~^^^^^^^^^^^^^^^^^^^^^^^^^^^^^^^^^^^^^^^^^^^^^^^^^
  File "renpy/python.py", line 1273, in py_exec_bytecode
    exec(bytecode, globals, locals)
    ~~~~^^^^^^^^^^^^^^^^^^^^^^^^^^^
  File "renpy/common/00start.rpy", line 308, in <module>
    renpy.jump("start")
    ~~~~~~~~~~^^^^^^^^^
  File "renpy/exports/statementexports.py", line 271, in jump
    raise renpy.game.JumpException(label)
renpy.game.JumpException: start

During handling of the above exception, another exception occurred:

Traceback (most recent call last):
  File "renpy/bootstrap.py", line 401, in bootstrap
    renpy.main.main()
    ~~~~~~~~~~~~~~~^^
  File "renpy/main.py", line 591, in main
    run(restart)
    ~~~^^^^^^^^^
  File "renpy/main.py", line 137, in run
    renpy.execution.run_context(True)
    ~~~~~~~~~~~~~~~~~~~~~~~~~~~^^^^^^
  File "renpy/execution.py", line 1027, in run_context
    context.run()
    ~~~~~~~~~~~^^
  File "renpy/common/00start.rpy", line 306, in script
    python:
  File "renpy/script.py", line 1201, in lookup
    raise LabelNotFound(original)
renpy.script.LabelNotFound: could not find label 'start'.

While running game code:
renpy.game.JumpException: start

During handling of the above exception, another exception occurred:

renpy.script.LabelNotFound: could not find label 'start'.
